
> hiddenbrains@0.1.0 build
> next build

Γû▓ Next.js 16.1.6 (Turbopack)

  Creating an optimized production build ...
Γ£ô Compiled successfully in 19.7s
  Running TypeScript ...
node.exe : Failed to compile.
At line:1 char:1
+ & "C:\nvm4w\nodejs/node.exe" "C:\nvm4w\nodejs/node_modules/npm/bin/np ...
+ ~~~~~~~~~~~~~~~~~~~~~~~~~~~~~~~~~~~~~~~~~~~~~~~~~~~~~~~~~~~~~~~~~~~~~
    + CategoryInfo          : NotSpecified: (Failed to compile.:String) [], RemoteException
    + FullyQualifiedErrorId : NativeCommandError
 

./app/application-maintenance-services/page.tsx:213:34
Type error: Type '{ title: string; quote: string; name: string; location: string; }[]' is not assignable to type 
'Testimonial[]'.
  Property 'author' is missing in type '{ title: string; quote: string; name: string; location: string; }' but 
required in type 'Testimonial'.

[0m [90m 211 |[39m
 [90m 212 |[39m             {[90m/* Testimonials Section */[39m}
[31m[1m>[22m[39m[90m 213 |[39m             [33m<[39m[33mTestimonialsSection[39m 
testimonials[33m=[39m{[33mAPP_MAINTENANCE_TESTIMONIALS[39m} [33m/[39m[33m>[39m
 [90m     |[39m                                  [31m[1m^[22m[39m
 [90m 214 |[39m
 [90m 215 |[39m             {[90m/* Contact Form Section */[39m}
 [90m 216 |[39m             [33m<[39m[33mContact[39m data[33m=[39m{data} [33m/[39m[33m>[39m[0m
Next.js build worker exited with code: 1 and signal: null
