app/android-app-development/page.tsx(1,8): error TS1259: Module '"C:/Users/Administrator/Desktop/hiddenbrains/hiddenbrains/node_modules/@types/react/index"' can only be default-imported using the 'esModuleInterop' flag
app/android-app-development/page.tsx(14,8): error TS2307: Cannot find module '@/lib/android-app-data' or its corresponding type declarations.
app/android-app-development/page.tsx(16,34): error TS2307: Cannot find module '@/components/home/PortfolioSection' or its corresponding type declarations.
app/android-app-development/page.tsx(17,28): error TS2307: Cannot find module '@/components/shared/FAQSection' or its corresponding type declarations.
app/android-app-development/page.tsx(18,37): error TS2307: Cannot find module '@/components/home/TestimonialsSection' or its corresponding type declarations.
app/android-app-development/page.tsx(19,25): error TS2307: Cannot find module '@/lib/data' or its corresponding type declarations.
app/android-app-development/page.tsx(20,21): error TS2307: Cannot find module '@/components/layout/Contact' or its corresponding type declarations.
app/android-app-development/page.tsx(21,30): error TS2307: Cannot find module '@/components/shared/GuideSection' or its corresponding type declarations.
app/android-app-development/page.tsx(22,28): error TS2307: Cannot find module '@/components/shared/CtaSection' or its corresponding type declarations.
app/android-app-development/page.tsx(23,37): error TS2307: Cannot find module '@/components/shared/IntroductionSection' or its corresponding type declarations.
app/android-app-development/page.tsx(24,38): error TS2307: Cannot find module '@/components/shared/MobileIndustrySlider' or its corresponding type declarations.
app/android-app-development/page.tsx(25,27): error TS2307: Cannot find module '@/images/android-apps-development.webp' or its corresponding type declarations.
app/android-app-development/page.tsx(31,9): error TS17004: Cannot use JSX unless the '--jsx' flag is provided.
app/android-app-development/page.tsx(33,13): error TS17004: Cannot use JSX unless the '--jsx' flag is provided.
app/android-app-development/page.tsx(34,17): error TS17004: Cannot use JSX unless the '--jsx' flag is provided.
app/android-app-development/page.tsx(35,21): error TS17004: Cannot use JSX unless the '--jsx' flag is provided.
app/android-app-development/page.tsx(42,21): error TS17004: Cannot use JSX unless the '--jsx' flag is provided.
app/android-app-development/page.tsx(45,17): error TS17004: Cannot use JSX unless the '--jsx' flag is provided.
app/android-app-development/page.tsx(46,21): error TS17004: Cannot use JSX unless the '--jsx' flag is provided.
app/android-app-development/page.tsx(47,25): error TS17004: Cannot use JSX unless the '--jsx' flag is provided.
app/android-app-development/page.tsx(50,25): error TS17004: Cannot use JSX unless the '--jsx' flag is provided.
app/android-app-development/page.tsx(53,25): error TS17004: Cannot use JSX unless the '--jsx' flag is provided.
app/android-app-development/page.tsx(58,29): error TS17004: Cannot use JSX unless the '--jsx' flag is provided.
app/android-app-development/page.tsx(65,13): error TS17004: Cannot use JSX unless the '--jsx' flag is provided.
app/android-app-development/page.tsx(71,21): error TS17004: Cannot use JSX unless the '--jsx' flag is provided.
app/android-app-development/page.tsx(72,25): error TS17004: Cannot use JSX unless the '--jsx' flag is provided.
app/android-app-development/page.tsx(75,25): error TS17004: Cannot use JSX unless the '--jsx' flag is provided.
app/android-app-development/page.tsx(78,25): error TS17004: Cannot use JSX unless the '--jsx' flag is provided.
app/android-app-development/page.tsx(86,13): error TS17004: Cannot use JSX unless the '--jsx' flag is provided.
app/android-app-development/page.tsx(89,13): error TS17004: Cannot use JSX unless the '--jsx' flag is provided.
app/android-app-development/page.tsx(90,17): error TS17004: Cannot use JSX unless the '--jsx' flag is provided.
app/android-app-development/page.tsx(91,21): error TS17004: Cannot use JSX unless the '--jsx' flag is provided.
app/android-app-development/page.tsx(92,25): error TS17004: Cannot use JSX unless the '--jsx' flag is provided.
app/android-app-development/page.tsx(95,25): error TS17004: Cannot use JSX unless the '--jsx' flag is provided.
app/android-app-development/page.tsx(100,21): error TS17004: Cannot use JSX unless the '--jsx' flag is provided.
app/android-app-development/page.tsx(102,29): error TS17004: Cannot use JSX unless the '--jsx' flag is provided.
app/android-app-development/page.tsx(103,33): error TS17004: Cannot use JSX unless the '--jsx' flag is provided.
app/android-app-development/page.tsx(104,33): error TS17004: Cannot use JSX unless the '--jsx' flag is provided.
app/android-app-development/page.tsx(114,13): error TS17004: Cannot use JSX unless the '--jsx' flag is provided.
app/android-app-development/page.tsx(115,17): error TS17004: Cannot use JSX unless the '--jsx' flag is provided.
app/android-app-development/page.tsx(116,21): error TS17004: Cannot use JSX unless the '--jsx' flag is provided.
app/android-app-development/page.tsx(117,25): error TS17004: Cannot use JSX unless the '--jsx' flag is provided.
app/android-app-development/page.tsx(120,25): error TS17004: Cannot use JSX unless the '--jsx' flag is provided.
app/android-app-development/page.tsx(124,21): error TS17004: Cannot use JSX unless the '--jsx' flag is provided.
app/android-app-development/page.tsx(129,13): error TS17004: Cannot use JSX unless the '--jsx' flag is provided.
app/android-app-development/page.tsx(130,17): error TS17004: Cannot use JSX unless the '--jsx' flag is provided.
app/android-app-development/page.tsx(131,21): error TS17004: Cannot use JSX unless the '--jsx' flag is provided.
app/android-app-development/page.tsx(132,25): error TS17004: Cannot use JSX unless the '--jsx' flag is provided.
app/android-app-development/page.tsx(135,25): error TS17004: Cannot use JSX unless the '--jsx' flag is provided.
app/android-app-development/page.tsx(140,21): error TS17004: Cannot use JSX unless the '--jsx' flag is provided.
app/android-app-development/page.tsx(142,29): error TS17004: Cannot use JSX unless the '--jsx' flag is provided.
app/android-app-development/page.tsx(143,33): error TS17004: Cannot use JSX unless the '--jsx' flag is provided.
app/android-app-development/page.tsx(146,33): error TS17004: Cannot use JSX unless the '--jsx' flag is provided.
app/android-app-development/page.tsx(147,37): error TS17004: Cannot use JSX unless the '--jsx' flag is provided.
app/android-app-development/page.tsx(148,37): error TS17004: Cannot use JSX unless the '--jsx' flag is provided.
app/android-app-development/page.tsx(157,13): error TS17004: Cannot use JSX unless the '--jsx' flag is provided.
app/android-app-development/page.tsx(164,13): error TS17004: Cannot use JSX unless the '--jsx' flag is provided.
app/android-app-development/page.tsx(170,13): error TS17004: Cannot use JSX unless the '--jsx' flag is provided.
app/android-app-development/page.tsx(178,13): error TS17004: Cannot use JSX unless the '--jsx' flag is provided.
app/android-app-development/page.tsx(181,13): error TS17004: Cannot use JSX unless the '--jsx' flag is provided.
app/android-app-development/page.tsx(187,13): error TS17004: Cannot use JSX unless the '--jsx' flag is provided.
node_modules/next/dist/client/image-component.d.ts(1,8): error TS1259: Module '"C:/Users/Administrator/Desktop/hiddenbrains/hiddenbrains/node_modules/@types/react/index"' can only be default-imported using the 'esModuleInterop' flag
node_modules/next/dist/client/link.d.ts(1,8): error TS1259: Module '"C:/Users/Administrator/Desktop/hiddenbrains/hiddenbrains/node_modules/@types/react/index"' can only be default-imported using the 'esModuleInterop' flag
